// Jest Snapshot v1, https://goo.gl/fbAQLP

exports[`TimerComponent Renders correctly on pause 1`] = `
preact-render-spy (1 nodes)
-------
<div>00:00:00.0</div>

`;

exports[`TimerComponent Renders correctly on play 1`] = `
preact-render-spy (1 nodes)
-------
<div>00:00:00.0</div>

`;
