// Jest Snapshot v1, https://goo.gl/fbAQLP

exports[`Header Component Header renders correctly 1`] = `
preact-render-spy (1 nodes)
-------
<div>
  <Heading level="1">SplitWatch</Heading>
</div>

`;
